
##### H. P. Filho:

##### Christopher Wallace:

##### Elena Lebedeva (IG: ellebedeva_):

##### hans pohl:

##### Steenjep:

##### michael_jeddah:

##### haroldmoses:

##### Lemmo2009:

##### Northern Tony:

##### normafincher:

##### Andy.Gocher:

##### alfsan:

##### Dmitry Djouce:

##### Joseph Hollick:

##### CJphoto83:

##### ManxieB- sorry, struggling!:

##### philippeguillot21:

##### Brit 70013 fan:

##### Fernando Sa Rapita:

##### Susie_D52:

##### Eugenio GV Costa:

##### Quel.R.R:

##### javiernoval:

##### bobbyblack51:

##### Jason Frels:

##### 8 mil views - Thank you all.:

##### pascalvu1:
-> Nominatim: (51.931115, -8.571217) = NOT FOUND
-> Nominatim: (51.93111, -8.571646) = NOT FOUND
-> Nominatim: (51.895662, -8.47632) = NOT FOUND
-> Nominatim: (51.895525, -8.476281) = NOT FOUND
-> Nominatim: (51.895711, -8.474695) = NOT FOUND
-> Nominatim: (51.895913, -8.474911) = NOT FOUND
-> Nominatim: (51.900633, -8.483009) = NOT FOUND
-> Nominatim: (51.896032, -8.475033) = NOT FOUND
-> Nominatim: (51.895695, -8.474475) = NOT FOUND
-> Nominatim: (51.900031, -8.476713) = NOT FOUND
-> Nominatim: (51.896244, -8.475022) = NOT FOUND
-> Nominatim: (51.897476, -8.473541) = NOT FOUND
-> Nominatim: (51.89733, -8.473267) = NOT FOUND
-> Nominatim: (51.89765, -8.471642) = NOT FOUND
-> Nominatim: (51.89592, -8.476577) = NOT FOUND
-> Nominatim: (51.897601, -8.480401) = NOT FOUND
-> Nominatim: (51.897668, -8.4798) = NOT FOUND
-> Nominatim: (51.897574, -8.478756) = NOT FOUND
-> Nominatim: (51.897548, -8.481216) = NOT FOUND
-> Nominatim: (51.8969, -8.479478) = NOT FOUND
-> Nominatim: (51.895854, -8.476159) = NOT FOUND
-> Nominatim: (51.898758, -8.477475) = NOT FOUND
-> Nominatim: (51.898652, -8.476931) = NOT FOUND
-> Nominatim: (51.89882, -8.47661) = NOT FOUND
-> Nominatim: (51.899225, -8.474878) = NOT FOUND
-> Nominatim: (51.899163, -8.475603) = NOT FOUND
-> Nominatim: (51.90093, -8.479362) = NOT FOUND
-> Nominatim: (51.900083, -8.477131) = NOT FOUND
-> Nominatim: (51.899918, -8.477039) = NOT FOUND
-> Nominatim: (51.89923, -8.476428) = NOT FOUND
-> Nominatim: (51.899108, -8.476328) = NOT FOUND
-> Nominatim: (51.899203, -8.476202) = NOT FOUND
-> Nominatim: (51.898491, -8.475712) = NOT FOUND
-> Nominatim: (51.898527, -8.475545) = NOT FOUND
-> Nominatim: (51.89808, -8.476317) = NOT FOUND
-> Nominatim: (51.899425, -8.474437) = NOT FOUND
-> Nominatim: (51.897747, -8.474389) = NOT FOUND
-> Nominatim: (51.897721, -8.474721) = NOT FOUND
-> Nominatim: (51.897702, -8.475023) = NOT FOUND
-> Nominatim: (51.888391, -8.508249) = NOT FOUND
-> Nominatim: (51.893808, -8.491855) = NOT FOUND
-> Nominatim: (51.894814, -8.489538) = NOT FOUND
-> Nominatim: (51.895006, -8.489034) = NOT FOUND
-> Nominatim: (51.893609, -8.49163) = NOT FOUND
-> Nominatim: (51.894644, -8.490103) = NOT FOUND
-> Nominatim: (51.895227, -8.489314) = NOT FOUND

##### jklovelacephotography:

##### Beatrix MK:

##### Black Diamond Images:

##### GSB Photography:

##### giovannicampus:

##### jamesgreig@dr.com:

##### Howard Somerville (11 million views):

##### █ Slices of Light ✴ █▀ ▀ ▀:

##### Miguel - AF:

##### Liam Cheasty:

##### karen_ds1101:

##### m01229:

##### xray_jets:

##### pepemartin2006:

##### sebastiánaguilar:

##### peter.rath:

##### Francois Le Rumeur:

##### tquist24:

##### panoround hutter:

##### Mani_H.:

##### Rosie Chilton:

##### K@moeiras:

##### paco zerpa:

##### Joe Dyndale:

##### dimitri.verledens:

##### Mars Ryan Hartdegen:

##### Florian106:

##### xd_travel:

##### Nicolas Hoizey:

##### ByronDelgado:

##### Dirk Wandel:
-> Nominatim: (45.434302, 12.338972) = NOT FOUND

##### andreybogdanov:

##### Oleg S .:

##### HereIsTom:

##### Michael Thornquist:

##### Gmlskis:

##### victor san:

##### malioli:
-> Nominatim: (45.147375, 14.663636) = NOT FOUND

##### fam_nordstrom:
-> Nominatim: (36.69356, -5.85833) = NOT FOUND
